[backblue.gif]
[fade.gif]
[index.html]
[sale.fico-ytl.com/index.html]
[sale.fico-ytl.com/Account/Login650d.html]
[sale.fico-ytl.com/bundles/modernizr8fce]
[sale.fico-ytl.com/Content/bootstrap-3.1.1/css/bootstrap-datepicker.min.css]
[sale.fico-ytl.com/favicon.ico]
[sale.fico-ytl.com/Content/all.css]
[sale.fico-ytl.com/Content/font-awesome-4.7.0/css/font-awesome.css]
[sale.fico-ytl.com/Content/custom-css.css]
[sale.fico-ytl.com/Content/mobileSite.css]
[sale.fico-ytl.com/Content/Images/fico-logo.png]
[sale.fico-ytl.com/Guide.html]
[sale.fico-ytl.com/Account/Login.html]
[sale.fico-ytl.com/Content/Images/Websale768x1024.jpg]
[sale.fico-ytl.com/Content/Images/Websale812x375.jpg]
[sale.fico-ytl.com/Content/Images/Websale1920x900.jpg]
[sale.fico-ytl.com/Content/Styles7bdd.css]
[sale.fico-ytl.com/Content/Images/Websale1024x1366.jpg]
[sale.fico-ytl.com/Content/Images/home1.jpg]
[sale.fico-ytl.com/Content/Images/home2.jpg]
[sale.fico-ytl.com/Content/Images/home4.jpg]
[sale.fico-ytl.com/bundles/jquery5140]
[sale.fico-ytl.com/bundles/jqueryvalec92]
[www.google-analytics.com/analytics.js]
[sale.fico-ytl.com/bundles/bootstrap2c63]
[sale.fico-ytl.com/Account/Login650d.html]
[sale.fico-ytl.com/Content/bootstrap-3.1.1/css/bootstrap-datepicker.min.css]
[sale.fico-ytl.com/cdn-cgi/challenge-platform/h/g/scripts/jsd/d39f91d70ce1/maind41d.js]
[sale.fico-ytl.com/webfonts/fa-brands-400.19.delayed]
[sale.fico-ytl.com/webfonts/fa-brands-400d41d.eot]
[sale.fico-ytl.com/webfonts/fa-brands-400.woff2]
[sale.fico-ytl.com/webfonts/fa-brands-400.woff]
[sale.fico-ytl.com/webfonts/fa-brands-400.ttf]
[sale.fico-ytl.com/webfonts/fa-brands-400.svg]
[sale.fico-ytl.com/webfonts/fa-regular-400.eot]
[sale.fico-ytl.com/webfonts/fa-regular-400d41d.eot]
[sale.fico-ytl.com/webfonts/fa-regular-400.woff2]
[sale.fico-ytl.com/webfonts/fa-regular-400.woff]
[sale.fico-ytl.com/webfonts/fa-regular-400.ttf]
[sale.fico-ytl.com/webfonts/fa-regular-400.svg]
[sale.fico-ytl.com/webfonts/fa-solid-900.eot]
[sale.fico-ytl.com/webfonts/fa-solid-900d41d.eot]
[sale.fico-ytl.com/webfonts/fa-solid-900.woff2]
[sale.fico-ytl.com/webfonts/fa-solid-900.woff]
[sale.fico-ytl.com/webfonts/fa-solid-900.ttf]
[sale.fico-ytl.com/webfonts/fa-solid-900.svg]
[sale.fico-ytl.com/Content/all.css]
[sale.fico-ytl.com/Content/font-awesome-4.7.0/fonts/fontawesome-webfont3e6e.woff2]
[sale.fico-ytl.com/Content/font-awesome-4.7.0/fonts/fontawesome-webfont3e6e.ttf]
[sale.fico-ytl.com/Content/font-awesome-4.7.0/fonts/fontawesome-webfont3e6e.eot]
[sale.fico-ytl.com/Content/font-awesome-4.7.0/css/font-awesome.css]
[sale.fico-ytl.com/Content/font-awesome-4.7.0/fonts/fontawesome-webfontd41d.eot]
[sale.fico-ytl.com/Content/font-awesome-4.7.0/fonts/fontawesome-webfont3e6e.woff]
[loadinggif.com/images/image-selection/3.32.delayed]
[sale.fico-ytl.com/Content/Styles7bdd.css]
[sale.fico-ytl.com/Content/bootstrap-3.1.1/fonts/glyphicons-halflings-regular.eot]
[sale.fico-ytl.com/fonts/glyphicons-halflings-regular.ttf]
[sale.fico-ytl.com/Content/bootstrap-3.1.1/fonts/glyphicons-halflings-regulard41d.eot]
[sale.fico-ytl.com/Content/bootstrap-3.1.1/fonts/glyphicons-halflings-regular.woff]
[sale.fico-ytl.com/Content/custom-css.css]
[sale.fico-ytl.com/Content/mobileSite.css]
[sale.fico-ytl.com/Content/Images/login-img.png]
[sale.fico-ytl.com/Content/Images/image-01.png]
[sale.fico-ytl.com/Content/font-awesome-4.7.0/fonts/fontawesome-webfont3e6e.svg]
[sale.fico-ytl.com/Content/Images/picture4.png]
[sale.fico-ytl.com/Content/bootstrap-3.1.1/fonts/glyphicons-halflings-regular.svg]
[sale.fico-ytl.com/Content/Images/picture5.png]
[sale.fico-ytl.com/Content/Images/picture15.png]
[sale.fico-ytl.com/Content/Images/picture6.png]
[sale.fico-ytl.com/Content/Images/picture7.png]
[sale.fico-ytl.com/Content/Images/image-02.png]
[sale.fico-ytl.com/Content/Images/picture10.png]
[sale.fico-ytl.com/Content/Images/picture11.png]
[sale.fico-ytl.com/Content/Images/picture12.png]
[sale.fico-ytl.com/Content/Images/picture13.png]
[sale.fico-ytl.com/Content/Images/picture14.png]
[sale.fico-ytl.com/Guide.html]
[sale.fico-ytl.com/Account/Login.html]
[sale.fico-ytl.com/webfonts/fa-brands-400.html]
[sale.fico-ytl.com/webfonts/fa-brands-400d41d.html]
[sale.fico-ytl.com/webfonts/fa-brands-401.html]
[sale.fico-ytl.com/webfonts/fa-brands-402.html]
[sale.fico-ytl.com/webfonts/fa-brands-403.html]
[sale.fico-ytl.com/webfonts/fa-brands-404.html]
[sale.fico-ytl.com/webfonts/fa-regular-400.html]
[sale.fico-ytl.com/webfonts/fa-regular-400d41d.html]
[sale.fico-ytl.com/webfonts/fa-regular-401.html]
[sale.fico-ytl.com/webfonts/fa-regular-402.html]
[sale.fico-ytl.com/webfonts/fa-regular-403.html]
[sale.fico-ytl.com/webfonts/fa-regular-404.html]
[sale.fico-ytl.com/webfonts/fa-solid-900.html]
[sale.fico-ytl.com/webfonts/fa-solid-900d41d.html]
[sale.fico-ytl.com/webfonts/fa-solid-901.html]
[sale.fico-ytl.com/webfonts/fa-solid-902.html]
[sale.fico-ytl.com/webfonts/fa-solid-903.html]
[sale.fico-ytl.com/webfonts/fa-solid-904.html]
[sale.fico-ytl.com/Content/font-awesome-4.7.0/fonts/fontawesome-webfont3e6e.svg]
[loadinggif.com/images/image-selection/3.html]
[sale.fico-ytl.com/Content/bootstrap-3.1.1/fonts/glyphicons-halflings-regular.svg]
